2026-07-06 tornado
2026-07-06 박유천
2026-07-06 ap
2026-07-06 임창정
2026-07-07 장금상선
2026-07-07 brewers-vs-cardinals
2026-07-07 유성구
2026-07-07 잠수함-발사-탄도-미사일
2026-07-07 twitch
2026-07-07 프로포폴
2026-07-07 김효주
2026-07-07 thibaut-courtois
2026-07-07 보잉-f-47
2026-07-07 미국-대-벨기에
2026-07-07 jorge-jesus
2026-07-07 usa-vs-belgium
2026-07-07 골프
2026-07-07 alex-morgan
2026-07-07 재테크
2026-07-08 paddy-pimblett
2026-07-09 휴머노이드-로봇
2026-07-09 don-mattingly
2026-07-09 레버리지
2026-07-09 김혜경
2026-07-09 météo-demain
2026-07-09 산사태
2026-07-10 fidji-simo
2026-07-11 김민지
2026-07-11 fetterman-mccormick-joint-fundraising-co
2026-07-11 미미미누
2026-07-12 норвегия-англия
2026-07-12 magnus-carlsen
2026-07-12 고우석
2026-07-13 하비에르-아기레
2026-07-13 aaron-wise
2026-07-13 조상우
2026-07-14 가족관계증명서
2026-07-14 plane-crash
2026-07-14 weather
2026-07-15 chris-sale
2026-07-15 송도동
2026-07-15 skhy
2026-07-16 개
2026-07-16 kbo-리그
2026-07-16 삼성-갤럭시-z-시리즈
2026-07-17 thời-tiết
2026-07-17 iphone-18-pro-apple-leaks
2026-07-17 สภาพอากาศ
2026-07-18 天気
2026-07-18 storm-vs-fever
2026-07-18 부산날씨
2026-07-19 음바페
2026-07-19 nyc-flash-flooding
2026-07-19 이영표
2026-07-20 부산-날씨
2026-07-20 sun-vs-mercury
2026-07-20 파리-생제르맹-fc
2026-07-21 워렌-버핏
2026-07-21 mets-vs-brewers
2026-07-21 아시안-게임
2026-07-22 줄기세포
2026-07-22 julio-iglesias
2026-07-22 hd현대중공업
2026-07-23 이혜성
2026-07-23 ben-sasse
2026-07-23 당구
2026-07-24 붉은-진주
2026-07-24 hairstyle
2026-07-24 2026
2026-07-25 인천광역시
2026-07-25 한고은
2026-07-25 погода
2026-07-26 임영웅
2026-07-26 rockies-vs-brewers
2026-07-26 삼성-라이온즈
2026-07-27 샘-해밍턴
2026-07-27 corey-ruiz-shooting
2026-07-27 진아름
2026-07-28 의과대학
2026-07-28 yankees-vs-white-sox
2026-07-28 한국지엠
2026-07-29 환율
2026-07-29 물
2026-07-30 파크-골프
2026-07-30 andrew-vaughn
2026-07-30 메타-주가
2026-07-31 야구
2026-07-31 dante-pettis
2026-07-31 최태원-매수
2026-08-01 농협은행
2026-08-01 alex-eala
2026-08-01 디지털타임스
2026-08-02 햄버거
2026-08-02 거부권
2026-08-02 송혜교
2026-08-03 아는-형님
2026-08-03 2027-social-security-cola
2026-08-03 전소미
2026-08-04 pltr
2026-08-04 pirates-vs-brewers
2026-08-04 폐지
2026-08-05 재건축
2026-08-05 cardenales-yankees
2026-08-05 신영균
2026-08-06 wings-vs-mystics
2026-08-06 연합뉴스
2026-08-06 배구
2026-08-07 롯데온
2026-08-07 해변
2026-08-07 지수
2026-08-08 погода
2026-08-08 downdetector
2026-08-08 포스코홀딩스
2026-08-09 richie-miranda
2026-08-09 노동조합
2026-08-09 임영웅
2026-08-10 성심당
2026-08-10 시청률
2026-08-10 반도체
2026-08-11 탁구
2026-08-11 mets-vs-braves
2026-08-11 육군사관학교
2026-08-12 제니
2026-08-12 liberty-vs-fever
2026-08-12 안민석
2026-08-13 rafael-jodar
2026-08-13 유혜정
2026-08-13 철도망
2026-08-14 최화정
2026-08-14 philadelphia-vs-santos-laguna
2026-08-14 오픈ai
2026-08-15 포스코
2026-08-15 padres-vs-guardians
2026-08-15 김민재
2026-08-16 업비트
2026-08-16 guardians-of-the-galaxy
2026-08-16 옷
2026-08-17 américa-vs-san-luis
2026-08-17 정주영
2026-08-17 혈당
2026-08-18 심현섭
2026-08-18 상호금융
2026-08-18 민생지원금
2026-08-19 김용빈
2026-08-19 중국인
2026-08-20 공효진
2026-08-20 lng선
2026-08-20 지진
2026-08-21 s-p-500
2026-08-22 주식
2026-08-22 콜레스테롤
2026-08-22 감전
2026-08-23 집중호우
2026-08-23 백하나
2026-08-23 인공지능
2026-08-25 погода
2026-08-25 mu
2026-08-25 soxl
2026-08-26 폴더블-스마트폰
2026-08-26 김서현
2026-08-26 나스닥-지수
